[32m							      >	AddressSanitizer:DEADLYSIGNAL
[0m[32m							      >	=============================================================
[0m[32m							      >	==94480==ERROR: AddressSanitizer: SEGV on unknown address 0x0
[0m[32m							      >	==94480==The signal is caused by a READ memory access.
[0m[32m							      >	==94480==Hint: address points to the zero page.
[0m[32m							      >	    #0 0x408099 in ast_parse_input nodes/input.c:26
[0m[32m							      >	    #1 0x403993 in ast_create nodes/node.c:107
[0m[32m							      >	    #2 0x40306c in main /home/jules.magnan/afs/42sh/ekip49/sr
[0m[32m							      >	    #3 0x7fb6efca210d in __libc_start_call_main (/run/current
[0m[32m							      >	    #4 0x7fb6efca21c8 in __libc_start_main_alias_1 (/run/curr
[0m[32m							      >	    #5 0x403894 in _start (/afs/cri.epita.fr/user/j/ju/jules.
[0m[32m							      >
[0m[32m							      >	AddressSanitizer can not provide additional info.
[0m[32m							      >	SUMMARY: AddressSanitizer: SEGV nodes/input.c:26 in ast_parse
[0m[32m							      >	==94480==ABORTING
[0m